// Bun Snapshot v1, https://bun.sh/docs/test/snapshots

exports[`styled selection and help layout at 80 columns: selected revision 80 1`] = `
[
  {
    "attributes": 0,
    "bg": "#101820",
    "fg": "#d6e2eb",
    "text": "Next change",
    "width": 11,
  },
  {
    "attributes": 0,
    "bg": "#294a51",
    "fg": "#d6e2eb",
    "text": "Next change",
    "width": 11,
  },
]
`;

exports[`styled selection and help layout at 80 columns: help layout 80 1`] = `
"▀─ Help ─────────────────────────────────────┐
Keyboard reference                           │
                                             │
j / k or arrows   Move through revisions     │
Tab               Switch revisions / preview │
focus                                        │
Page Up / Down    Scroll preview             │
s                 Working-copy status        │
r                 Refresh history            │
/                 Enter a revset; empty      │
restores all()                               │
Ctrl-F            Search descriptions,       │
bookmarks and ID prefixes in revset          │
Ctrl-N / Ctrl-P   Next / previous search     │
match, wrapping                              │
@ / [ / ]         Jump to working copy /     │
parent / child                               │
Ctrl-O            Return from temporary revea│
Escape            Clear accepted search      │
* / +             Search match / revision    │
outside active revset                        │
d                 Describe selected change,  │
single line                                  │
e                 Make selection the working │
─────────────────────────────────────────────┘"
`;

exports[`styled selection and help layout at 80 columns: footer styles 80 1`] = `
[
  {
    "attributes": 0,
    "bg": "#101820",
    "fg": "#6ed6bd",
    "text": "j/k move  / filter  ^F search  ^N/^P match  @ work  [/] ancestry",
    "width": 64,
  },
]
`;

exports[`styled selection and help layout at 120 columns: selected revision 120 1`] = `
[
  {
    "attributes": 0,
    "bg": "#101820",
    "fg": "#d6e2eb",
    "text": "Next change",
    "width": 11,
  },
  {
    "attributes": 0,
    "bg": "#294a51",
    "fg": "#d6e2eb",
    "text": "Next change",
    "width": 11,
  },
]
`;

exports[`styled selection and help layout at 120 columns: help layout 120 1`] = `
"▀─ Help ─────────────────────────────────────────────────────────────┐
Keyboard reference                                                   │
                                                                     │
j / k or arrows   Move through revisions                             │
Tab               Switch revisions / preview focus                   │
Page Up / Down    Scroll preview                                     │
s                 Working-copy status                                │
r                 Refresh history                                    │
/                 Enter a revset; empty restores all()               │
Ctrl-F            Search descriptions, bookmarks and ID prefixes in  │
revset                                                               │
Ctrl-N / Ctrl-P   Next / previous search match, wrapping             │
@ / [ / ]         Jump to working copy / parent / child              │
Ctrl-O            Return from temporary reveal                       │
Escape            Clear accepted search                              │
* / +             Search match / revision outside active revset      │
d                 Describe selected change, single line              │
e                 Make selection the working copy immediately        │
R / S             Choose rebase / squash destination in the graph    │
a                 Preview absorb into mutable ancestors              │
v                 Browse selected change's evolution                 │
Drag change       Drop onto another change to preview rebase         │
n                 Create an empty child of selection                 │
Space             Action menu: edit, rebase, squash, split, abandon  │
─────────────────────────────────────────────────────────────────────┘"
`;

exports[`styled selection and help layout at 120 columns: footer styles 120 1`] = `
[
  {
    "attributes": 0,
    "bg": "#101820",
    "fg": "#6ed6bd",
    "text": "j/k move  / filter  ^F search  ^N/^P match  @ work  [/] ancestry",
    "width": 64,
  },
]
`;
